// Vitest Snapshot v1, https://vitest.dev/guide/snapshot.html

exports[`coastal brush > produces a stable snapshot 1`] = `
[
  {
    "id": "coastal-gorse-2-0",
    "kind": "gorse",
    "properties": {
      "offsetX": 0.27541545783169563,
      "offsetY": 0.46522650122642517,
      "scale": 0.9316130987834185,
    },
    "tags": [
      "vegetation",
      "shrub",
    ],
    "x": 2.275415457831696,
    "y": 0.46522650122642517,
  },
  {
    "id": "coastal-driftwood-6-0",
    "kind": "driftwood",
    "properties": {
      "offsetX": 0.6189270394621417,
      "offsetY": 0.43690022532828154,
      "scale": 1,
    },
    "tags": [
      "debris",
      "coastal",
    ],
    "x": 6.618927039462141,
    "y": 0.43690022532828154,
  },
  {
    "id": "coastal-shell-7-0",
    "kind": "shell",
    "properties": {
      "offsetX": 0.8814199947519228,
      "offsetY": 0.699363573640585,
      "scale": 1,
    },
    "tags": [
      "debris",
      "coastal",
    ],
    "x": 7.881419994751923,
    "y": 0.699363573640585,
  },
  {
    "id": "coastal-shell-1-1",
    "kind": "shell",
    "properties": {
      "offsetX": 0.0554488680092618,
      "offsetY": 0.16058901345822957,
      "scale": 1,
    },
    "tags": [
      "debris",
      "coastal",
    ],
    "x": 1.0554488680092617,
    "y": 1.1605890134582295,
  },
  {
    "id": "coastal-shell-2-1",
    "kind": "shell",
    "properties": {
      "offsetX": 0.05133571473415938,
      "offsetY": 0.7779544060351327,
      "scale": 1,
    },
    "tags": [
      "debris",
      "coastal",
    ],
    "x": 2.0513357147341593,
    "y": 1.7779544060351327,
  },
  {
    "id": "coastal-gorse-4-1",
    "kind": "gorse",
    "properties": {
      "offsetX": 0.2874506935477257,
      "offsetY": 0.6955180117860437,
      "scale": 1.0568542678141966,
    },
    "tags": [
      "vegetation",
      "shrub",
    ],
    "x": 4.287450693547726,
    "y": 1.6955180117860436,
  },
  {
    "id": "coastal-driftwood-6-1",
    "kind": "driftwood",
    "properties": {
      "offsetX": 0.8538767702877521,
      "offsetY": 0.10293259946629402,
      "scale": 1,
    },
    "tags": [
      "debris",
      "coastal",
    ],
    "x": 6.853876770287752,
    "y": 1.102932599466294,
  },
  {
    "id": "coastal-driftwood-0-3",
    "kind": "driftwood",
    "properties": {
      "offsetX": 0.12659452520310877,
      "offsetY": 0.3122264132834971,
      "scale": 1,
    },
    "tags": [
      "debris",
      "coastal",
    ],
    "x": 0.12659452520310877,
    "y": 3.312226413283497,
  },
  {
    "id": "coastal-driftwood-3-3",
    "kind": "driftwood",
    "properties": {
      "offsetX": 0.3620321169495583,
      "offsetY": 0.526566440006718,
      "scale": 1,
    },
    "tags": [
      "debris",
      "coastal",
    ],
    "x": 3.362032116949558,
    "y": 3.526566440006718,
  },
  {
    "id": "coastal-driftwood-5-3",
    "kind": "driftwood",
    "properties": {
      "offsetX": 0.7639514389215037,
      "offsetY": 0.1333384121302515,
      "scale": 1,
    },
    "tags": [
      "debris",
      "coastal",
    ],
    "x": 5.763951438921504,
    "y": 3.1333384121302514,
  },
  {
    "id": "coastal-gorse-0-4",
    "kind": "gorse",
    "properties": {
      "offsetX": 0.13213617857545612,
      "offsetY": 0.10897779169026761,
      "scale": 1.0331592554925009,
    },
    "tags": [
      "vegetation",
      "shrub",
    ],
    "x": 0.13213617857545612,
    "y": 4.1089777916902674,
  },
  {
    "id": "coastal-shell-6-4",
    "kind": "shell",
    "properties": {
      "offsetX": 0.28696641714777793,
      "offsetY": 0.07585426133591683,
      "scale": 1,
    },
    "tags": [
      "debris",
      "coastal",
    ],
    "x": 6.286966417147778,
    "y": 4.075854261335917,
  },
  {
    "id": "coastal-marram-grass-2-5",
    "kind": "marram-grass",
    "properties": {
      "offsetX": 0.4806503589265049,
      "offsetY": 0.14397808674257245,
      "scale": 1.074665367556736,
    },
    "tags": [
      "vegetation",
      "grass",
    ],
    "x": 2.4806503589265048,
    "y": 5.143978086742573,
  },
  {
    "id": "coastal-marram-grass-7-5",
    "kind": "marram-grass",
    "properties": {
      "offsetX": 0.8036778799258173,
      "offsetY": 0.5660634153056889,
      "scale": 0.9051966055296362,
    },
    "tags": [
      "vegetation",
      "grass",
    ],
    "x": 7.803677879925817,
    "y": 5.566063415305689,
  },
]
`;
