// Vitest Snapshot v1, https://vitest.dev/guide/snapshot.html

exports[`dense_forest brush > produces a stable snapshot 1`] = `
[
  {
    "id": "dense_forest-brown_tree-0-0",
    "kind": "brown_tree",
    "properties": {
      "offsetX": 0.04400716372765601,
      "offsetY": 0.48964877566322684,
      "rotation": -0,
      "scale": 1.287090789526701,
    },
    "tags": [
      "vegetation",
      "tree",
      "forest",
    ],
    "x": 0.04400716372765601,
    "y": 0.48964877566322684,
  },
  {
    "id": "dense_forest-brown_tree-0-0",
    "kind": "brown_tree",
    "properties": {
      "offsetX": 0.11311078234575689,
      "offsetY": 0.984447154449299,
      "rotation": -0,
      "scale": 1.142126606963575,
    },
    "tags": [
      "vegetation",
      "tree",
      "forest",
    ],
    "x": 0.11311078234575689,
    "y": 0.984447154449299,
  },
  {
    "id": "dense_forest-oak_tree-1-0",
    "kind": "oak_tree",
    "properties": {
      "offsetX": 0.21510060434229672,
      "offsetY": 0.829653670778498,
      "rotation": 0,
      "scale": 0.944779464788735,
    },
    "tags": [
      "vegetation",
      "tree",
      "forest",
    ],
    "x": 1.2151006043422967,
    "y": 0.829653670778498,
  },
  {
    "id": "dense_forest-oak_tree-1-0",
    "kind": "oak_tree",
    "properties": {
      "offsetX": 0.7781744019594043,
      "offsetY": 0.21300582867115736,
      "rotation": -0,
      "scale": 1.2721482975408436,
    },
    "tags": [
      "vegetation",
      "tree",
      "forest",
    ],
    "x": 1.7781744019594043,
    "y": 0.21300582867115736,
  },
  {
    "id": "dense_forest-oak_tree-2-0",
    "kind": "oak_tree",
    "properties": {
      "offsetX": 0.22547213942743838,
      "offsetY": 0.6010450881440192,
      "rotation": -0,
      "scale": 1.2938346934504807,
    },
    "tags": [
      "vegetation",
      "tree",
      "forest",
    ],
    "x": 2.2254721394274384,
    "y": 0.6010450881440192,
  },
  {
    "id": "dense_forest-oak_tree-3-0",
    "kind": "oak_tree",
    "properties": {
      "offsetX": 0.81328304996714,
      "offsetY": 0.11834466084837914,
      "rotation": 0,
      "scale": 0.9936576532199979,
    },
    "tags": [
      "vegetation",
      "tree",
      "forest",
    ],
    "x": 3.81328304996714,
    "y": 0.11834466084837914,
  },
  {
    "id": "dense_forest-oak_tree-4-0",
    "kind": "oak_tree",
    "properties": {
      "offsetX": 0.12359766359440982,
      "offsetY": 0.8837197874672711,
      "rotation": -0,
      "scale": 1.2865580295212569,
    },
    "tags": [
      "vegetation",
      "tree",
      "forest",
    ],
    "x": 4.12359766359441,
    "y": 0.8837197874672711,
  },
  {
    "id": "dense_forest-brown_tree-5-0",
    "kind": "brown_tree",
    "properties": {
      "offsetX": 0.6842999095097184,
      "offsetY": 0.8000500919297338,
      "rotation": 0,
      "scale": 0.9992876967415214,
    },
    "tags": [
      "vegetation",
      "tree",
      "forest",
    ],
    "x": 5.684299909509718,
    "y": 0.8000500919297338,
  },
  {
    "id": "dense_forest-brown_tree-5-0",
    "kind": "brown_tree",
    "properties": {
      "offsetX": 0.42937171715311706,
      "offsetY": 0.4049503728747368,
      "rotation": -0,
      "scale": 1.117795859463513,
    },
    "tags": [
      "vegetation",
      "tree",
      "forest",
    ],
    "x": 5.429371717153117,
    "y": 0.4049503728747368,
  },
  {
    "id": "dense_forest-brown_tree-5-0",
    "kind": "brown_tree",
    "properties": {
      "offsetX": 0.6438214608933777,
      "offsetY": 0.4322927570901811,
      "rotation": -0,
      "scale": 1.1040102306753397,
    },
    "tags": [
      "vegetation",
      "tree",
      "forest",
    ],
    "x": 5.643821460893378,
    "y": 0.4322927570901811,
  },
  {
    "id": "dense_forest-oak_tree-6-0",
    "kind": "oak_tree",
    "properties": {
      "offsetX": 0.5058474738616496,
      "offsetY": 0.6566831525415182,
      "rotation": 0,
      "scale": 1.2107415111735462,
    },
    "tags": [
      "vegetation",
      "tree",
      "forest",
    ],
    "x": 6.50584747386165,
    "y": 0.6566831525415182,
  },
  {
    "id": "dense_forest-oak_tree-7-0",
    "kind": "oak_tree",
    "properties": {
      "offsetX": 0.522320045158267,
      "offsetY": 0.3409066137392074,
      "rotation": 0,
      "scale": 1.1379303782247008,
    },
    "tags": [
      "vegetation",
      "tree",
      "forest",
    ],
    "x": 7.522320045158267,
    "y": 0.3409066137392074,
  },
  {
    "id": "dense_forest-brown_tree-7-0",
    "kind": "brown_tree",
    "properties": {
      "offsetX": 0.5686395890079439,
      "offsetY": 0.5436648509930819,
      "rotation": 0,
      "scale": 1.2494159688241782,
    },
    "tags": [
      "vegetation",
      "tree",
      "forest",
    ],
    "x": 7.568639589007944,
    "y": 0.5436648509930819,
  },
  {
    "id": "dense_forest-brown_tree-7-0",
    "kind": "brown_tree",
    "properties": {
      "offsetX": 0.2573232345748693,
      "offsetY": 0.8788819848559797,
      "rotation": -0,
      "scale": 1.1057665378786623,
    },
    "tags": [
      "vegetation",
      "tree",
      "forest",
    ],
    "x": 7.257323234574869,
    "y": 0.8788819848559797,
  },
  {
    "id": "dense_forest-oak_tree-0-1",
    "kind": "oak_tree",
    "properties": {
      "offsetX": 0.385648594237864,
      "offsetY": 0.12332087894901633,
      "rotation": 0,
      "scale": 1.0923684910871088,
    },
    "tags": [
      "vegetation",
      "tree",
      "forest",
    ],
    "x": 0.385648594237864,
    "y": 1.1233208789490163,
  },
  {
    "id": "dense_forest-brown_tree-0-1",
    "kind": "brown_tree",
    "properties": {
      "offsetX": 0.5320553963538259,
      "offsetY": 0.3565126818139106,
      "rotation": 0,
      "scale": 1.2781396755948662,
    },
    "tags": [
      "vegetation",
      "tree",
      "forest",
    ],
    "x": 0.5320553963538259,
    "y": 1.3565126818139106,
  },
  {
    "id": "dense_forest-brown_tree-1-1",
    "kind": "brown_tree",
    "properties": {
      "offsetX": 0.0028102651704102755,
      "offsetY": 0.35369161888957024,
      "rotation": 0,
      "scale": 1.2622180956415834,
    },
    "tags": [
      "vegetation",
      "tree",
      "forest",
    ],
    "x": 1.0028102651704103,
    "y": 1.3536916188895702,
  },
  {
    "id": "dense_forest-brown_tree-1-1",
    "kind": "brown_tree",
    "properties": {
      "offsetX": 0.3657634623814374,
      "offsetY": 0.878306868718937,
      "rotation": -0,
      "scale": 1.0157876033335924,
    },
    "tags": [
      "vegetation",
      "tree",
      "forest",
    ],
    "x": 1.3657634623814374,
    "y": 1.878306868718937,
  },
  {
    "id": "dense_forest-brown_tree-2-1",
    "kind": "brown_tree",
    "properties": {
      "offsetX": 0.06066658906638622,
      "offsetY": 0.14487061346881092,
      "rotation": 0,
      "scale": 0.9076213341206313,
    },
    "tags": [
      "vegetation",
      "tree",
      "forest",
    ],
    "x": 2.0606665890663862,
    "y": 1.144870613468811,
  },
  {
    "id": "dense_forest-brown_tree-3-1",
    "kind": "brown_tree",
    "properties": {
      "offsetX": 0.7826240013819188,
      "offsetY": 0.9809353847522289,
      "rotation": 0,
      "scale": 1.2979502426460385,
    },
    "tags": [
      "vegetation",
      "tree",
      "forest",
    ],
    "x": 3.782624001381919,
    "y": 1.9809353847522289,
  },
  {
    "id": "dense_forest-oak_tree-5-1",
    "kind": "oak_tree",
    "properties": {
      "offsetX": 0.052990217227488756,
      "offsetY": 0.8941649522166699,
      "rotation": 0,
      "scale": 1.144749509356916,
    },
    "tags": [
      "vegetation",
      "tree",
      "forest",
    ],
    "x": 5.052990217227489,
    "y": 1.89416495221667,
  },
  {
    "id": "dense_forest-fern-5-1",
    "kind": "fern",
    "properties": {
      "offsetX": 0.18902068282477558,
      "offsetY": 0.408459072955884,
      "scale": 0.7247781114652753,
    },
    "tags": [
      "vegetation",
      "undergrowth",
    ],
    "x": 5.189020682824776,
    "y": 1.4084590729558841,
  },
  {
    "id": "dense_forest-oak_tree-6-1",
    "kind": "oak_tree",
    "properties": {
      "offsetX": 0.19090947438962758,
      "offsetY": 0.07806321769021451,
      "rotation": 0,
      "scale": 1.0249979743734001,
    },
    "tags": [
      "vegetation",
      "tree",
      "forest",
    ],
    "x": 6.190909474389628,
    "y": 1.0780632176902145,
  },
  {
    "id": "dense_forest-brown_tree-6-1",
    "kind": "brown_tree",
    "properties": {
      "offsetX": 0.8580866537522525,
      "offsetY": 0.5919338562525809,
      "rotation": -0,
      "scale": 1.2965218543075026,
    },
    "tags": [
      "vegetation",
      "tree",
      "forest",
    ],
    "x": 6.8580866537522525,
    "y": 1.5919338562525809,
  },
  {
    "id": "dense_forest-oak_tree-6-1",
    "kind": "oak_tree",
    "properties": {
      "offsetX": 0.11066501447930932,
      "offsetY": 0.46318135573528707,
      "rotation": -0,
      "scale": 0.9025921781547368,
    },
    "tags": [
      "vegetation",
      "tree",
      "forest",
    ],
    "x": 6.110665014479309,
    "y": 1.463181355735287,
  },
  {
    "id": "dense_forest-brown_tree-7-1",
    "kind": "brown_tree",
    "properties": {
      "offsetX": 0.379950359929353,
      "offsetY": 0.9661216426175088,
      "rotation": 0,
      "scale": 0.9323610342107713,
    },
    "tags": [
      "vegetation",
      "tree",
      "forest",
    ],
    "x": 7.379950359929353,
    "y": 1.9661216426175088,
  },
  {
    "id": "dense_forest-brown_tree-0-2",
    "kind": "brown_tree",
    "properties": {
      "offsetX": 0.9843170016538352,
      "offsetY": 0.7516073901206255,
      "rotation": -0,
      "scale": 0.930252093449235,
    },
    "tags": [
      "vegetation",
      "tree",
      "forest",
    ],
    "x": 0.9843170016538352,
    "y": 2.7516073901206255,
  },
  {
    "id": "dense_forest-fern-0-2",
    "kind": "fern",
    "properties": {
      "offsetX": 0.835535735101439,
      "offsetY": 0.5428569820942357,
      "scale": 0.8599376820027829,
    },
    "tags": [
      "vegetation",
      "undergrowth",
    ],
    "x": 0.835535735101439,
    "y": 2.5428569820942357,
  },
  {
    "id": "dense_forest-oak_tree-1-2",
    "kind": "oak_tree",
    "properties": {
      "offsetX": 0.16009601089172065,
      "offsetY": 0.8533678788226098,
      "rotation": -0,
      "scale": 1.1584976172074675,
    },
    "tags": [
      "vegetation",
      "tree",
      "forest",
    ],
    "x": 1.1600960108917207,
    "y": 2.85336787882261,
  },
  {
    "id": "dense_forest-oak_tree-2-2",
    "kind": "oak_tree",
    "properties": {
      "offsetX": 0.747854171320796,
      "offsetY": 0.12334352498874068,
      "rotation": -0,
      "scale": 1.059611921943724,
    },
    "tags": [
      "vegetation",
      "tree",
      "forest",
    ],
    "x": 2.747854171320796,
    "y": 2.1233435249887407,
  },
  {
    "id": "dense_forest-brown_tree-2-2",
    "kind": "brown_tree",
    "properties": {
      "offsetX": 0.978611700469628,
      "offsetY": 0.8585625195410103,
      "rotation": -0,
      "scale": 1.2382166356779636,
    },
    "tags": [
      "vegetation",
      "tree",
      "forest",
    ],
    "x": 2.978611700469628,
    "y": 2.8585625195410103,
  },
  {
    "id": "dense_forest-brown_tree-3-2",
    "kind": "brown_tree",
    "properties": {
      "offsetX": 0.05138488905504346,
      "offsetY": 0.9678558963350952,
      "rotation": 0,
      "scale": 1.2925665240734816,
    },
    "tags": [
      "vegetation",
      "tree",
      "forest",
    ],
    "x": 3.0513848890550435,
    "y": 2.967855896335095,
  },
  {
    "id": "dense_forest-brown_tree-3-2",
    "kind": "brown_tree",
    "properties": {
      "offsetX": 0.3882316229864955,
      "offsetY": 0.38140630116686225,
      "rotation": -0,
      "scale": 1.1068339289166034,
    },
    "tags": [
      "vegetation",
      "tree",
      "forest",
    ],
    "x": 3.3882316229864955,
    "y": 2.3814063011668622,
  },
  {
    "id": "dense_forest-oak_tree-5-2",
    "kind": "oak_tree",
    "properties": {
      "offsetX": 0.4027511030435562,
      "offsetY": 0.3154732114635408,
      "rotation": -0,
      "scale": 1.195173493400216,
    },
    "tags": [
      "vegetation",
      "tree",
      "forest",
    ],
    "x": 5.402751103043556,
    "y": 2.315473211463541,
  },
  {
    "id": "dense_forest-brown_tree-5-2",
    "kind": "brown_tree",
    "properties": {
      "offsetX": 0.24904925771988928,
      "offsetY": 0.6203536738175899,
      "rotation": 0,
      "scale": 1.2832629986107351,
    },
    "tags": [
      "vegetation",
      "tree",
      "forest",
    ],
    "x": 5.249049257719889,
    "y": 2.62035367381759,
  },
  {
    "id": "dense_forest-oak_tree-5-2",
    "kind": "oak_tree",
    "properties": {
      "offsetX": 0.23943181266076863,
      "offsetY": 0.07937652571126819,
      "rotation": 0,
      "scale": 1.0462111791595816,
    },
    "tags": [
      "vegetation",
      "tree",
      "forest",
    ],
    "x": 5.239431812660769,
    "y": 2.079376525711268,
  },
  {
    "id": "dense_forest-brown_tree-6-2",
    "kind": "brown_tree",
    "properties": {
      "offsetX": 0.8998442469164729,
      "offsetY": 0.9696960458531976,
      "rotation": 0,
      "scale": 1.045241888333112,
    },
    "tags": [
      "vegetation",
      "tree",
      "forest",
    ],
    "x": 6.899844246916473,
    "y": 2.9696960458531976,
  },
  {
    "id": "dense_forest-brown_tree-6-2",
    "kind": "brown_tree",
    "properties": {
      "offsetX": 0.6042966034729034,
      "offsetY": 0.9424825259484351,
      "rotation": -0,
      "scale": 1.091294015198946,
    },
    "tags": [
      "vegetation",
      "tree",
      "forest",
    ],
    "x": 6.604296603472903,
    "y": 2.942482525948435,
  },
  {
    "id": "dense_forest-oak_tree-0-3",
    "kind": "oak_tree",
    "properties": {
      "offsetX": 0.9187032352201641,
      "offsetY": 0.8100342662073672,
      "rotation": -0,
      "scale": 0.9230026817880571,
    },
    "tags": [
      "vegetation",
      "tree",
      "forest",
    ],
    "x": 0.9187032352201641,
    "y": 3.810034266207367,
  },
  {
    "id": "dense_forest-oak_tree-1-3",
    "kind": "oak_tree",
    "properties": {
      "offsetX": 0.7691060681827366,
      "offsetY": 0.21334919100627303,
      "rotation": -0,
      "scale": 1.272426940035075,
    },
    "tags": [
      "vegetation",
      "tree",
      "forest",
    ],
    "x": 1.7691060681827366,
    "y": 3.213349191006273,
  },
  {
    "id": "dense_forest-oak_tree-1-3",
    "kind": "oak_tree",
    "properties": {
      "offsetX": 0.5467641400173306,
      "offsetY": 0.9122345331124961,
      "rotation": 0,
      "scale": 1.1055944570340217,
    },
    "tags": [
      "vegetation",
      "tree",
      "forest",
    ],
    "x": 1.5467641400173306,
    "y": 3.912234533112496,
  },
  {
    "id": "dense_forest-shrub-1-3",
    "kind": "shrub",
    "properties": {
      "offsetX": 0.6030912332236766,
      "offsetY": 0.21989787132479255,
      "scale": 0.7760054030455649,
    },
    "tags": [
      "vegetation",
      "undergrowth",
    ],
    "x": 1.6030912332236766,
    "y": 3.2198978713247923,
  },
  {
    "id": "dense_forest-brown_tree-3-3",
    "kind": "brown_tree",
    "properties": {
      "offsetX": 0.2837991660926491,
      "offsetY": 0.03754255082458258,
      "rotation": -0,
      "scale": 1.2686995191499593,
    },
    "tags": [
      "vegetation",
      "tree",
      "forest",
    ],
    "x": 3.283799166092649,
    "y": 3.0375425508245826,
  },
  {
    "id": "dense_forest-oak_tree-3-3",
    "kind": "oak_tree",
    "properties": {
      "offsetX": 0.3757879042532295,
      "offsetY": 0.37887929007411003,
      "rotation": -0,
      "scale": 1.0565383488312363,
    },
    "tags": [
      "vegetation",
      "tree",
      "forest",
    ],
    "x": 3.3757879042532295,
    "y": 3.37887929007411,
  },
  {
    "id": "dense_forest-shrub-3-3",
    "kind": "shrub",
    "properties": {
      "offsetX": 0.25395692794118074,
      "offsetY": 0.5142660338198766,
      "scale": 0.8291342407464981,
    },
    "tags": [
      "vegetation",
      "undergrowth",
    ],
    "x": 3.253956927941181,
    "y": 3.514266033819877,
  },
  {
    "id": "dense_forest-fern-3-3",
    "kind": "fern",
    "properties": {
      "offsetX": 0.25395692794118074,
      "offsetY": 0.5142660338198766,
      "scale": 0.8291342407464981,
    },
    "tags": [
      "vegetation",
      "undergrowth",
    ],
    "x": 3.253956927941181,
    "y": 3.514266033819877,
  },
  {
    "id": "dense_forest-brown_tree-4-3",
    "kind": "brown_tree",
    "properties": {
      "offsetX": 0.6330984053201973,
      "offsetY": 0.836149221053347,
      "rotation": 0,
      "scale": 1.2581736721098422,
    },
    "tags": [
      "vegetation",
      "tree",
      "forest",
    ],
    "x": 4.633098405320197,
    "y": 3.836149221053347,
  },
  {
    "id": "dense_forest-fern-4-3",
    "kind": "fern",
    "properties": {
      "offsetX": 0.7412142545450479,
      "offsetY": 0.18287264553364369,
      "scale": 0.853958351816982,
    },
    "tags": [
      "vegetation",
      "undergrowth",
    ],
    "x": 4.7412142545450475,
    "y": 3.1828726455336436,
  },
  {
    "id": "dense_forest-oak_tree-5-3",
    "kind": "oak_tree",
    "properties": {
      "offsetX": 0.3601848119869828,
      "offsetY": 0.18563468614593148,
      "rotation": -0,
      "scale": 1.1949945581145585,
    },
    "tags": [
      "vegetation",
      "tree",
      "forest",
    ],
    "x": 5.360184811986983,
    "y": 3.1856346861459315,
  },
  {
    "id": "dense_forest-brown_tree-6-3",
    "kind": "brown_tree",
    "properties": {
      "offsetX": 0.049971539760008454,
      "offsetY": 0.038875788915902376,
      "rotation": -0,
      "scale": 1.2230705537833275,
    },
    "tags": [
      "vegetation",
      "tree",
      "forest",
    ],
    "x": 6.0499715397600085,
    "y": 3.0388757889159024,
  },
  {
    "id": "dense_forest-brown_tree-7-3",
    "kind": "brown_tree",
    "properties": {
      "offsetX": 0.18665207573212683,
      "offsetY": 0.7305558039806783,
      "rotation": 0,
      "scale": 1.1876540201716126,
    },
    "tags": [
      "vegetation",
      "tree",
      "forest",
    ],
    "x": 7.186652075732127,
    "y": 3.7305558039806783,
  },
  {
    "id": "dense_forest-brown_tree-0-4",
    "kind": "brown_tree",
    "properties": {
      "offsetX": 0.15350955538451672,
      "offsetY": 0.5393947686534375,
      "rotation": 0,
      "scale": 0.9016973572783172,
    },
    "tags": [
      "vegetation",
      "tree",
      "forest",
    ],
    "x": 0.15350955538451672,
    "y": 4.5393947686534375,
  },
  {
    "id": "dense_forest-oak_tree-0-4",
    "kind": "oak_tree",
    "properties": {
      "offsetX": 0.6105308516416699,
      "offsetY": 0.8102587696630508,
      "rotation": -0,
      "scale": 1.0126883654855192,
    },
    "tags": [
      "vegetation",
      "tree",
      "forest",
    ],
    "x": 0.6105308516416699,
    "y": 4.810258769663051,
  },
  {
    "id": "dense_forest-brown_tree-1-4",
    "kind": "brown_tree",
    "properties": {
      "offsetX": 0.009173821425065398,
      "offsetY": 0.3945559181738645,
      "rotation": -0,
      "scale": 1.1753318117000162,
    },
    "tags": [
      "vegetation",
      "tree",
      "forest",
    ],
    "x": 1.0091738214250654,
    "y": 4.3945559181738645,
  },
  {
    "id": "dense_forest-brown_tree-1-4",
    "kind": "brown_tree",
    "properties": {
      "offsetX": 0.023933399468660355,
      "offsetY": 0.033425585366785526,
      "rotation": 0,
      "scale": 1.1532189439982177,
    },
    "tags": [
      "vegetation",
      "tree",
      "forest",
    ],
    "x": 1.0239333994686604,
    "y": 4.0334255853667855,
  },
  {
    "id": "dense_forest-oak_tree-0-5",
    "kind": "oak_tree",
    "properties": {
      "offsetX": 0.5082228407263756,
      "offsetY": 0.9997865040786564,
      "rotation": -0,
      "scale": 1.2692558848299087,
    },
    "tags": [
      "vegetation",
      "tree",
      "forest",
    ],
    "x": 0.5082228407263756,
    "y": 5.999786504078656,
  },
  {
    "id": "dense_forest-brown_tree-2-5",
    "kind": "brown_tree",
    "properties": {
      "offsetX": 0.3362624200526625,
      "offsetY": 0.9269304091576487,
      "rotation": 0,
      "scale": 1.122587805148214,
    },
    "tags": [
      "vegetation",
      "tree",
      "forest",
    ],
    "x": 2.3362624200526625,
    "y": 5.926930409157649,
  },
  {
    "id": "dense_forest-oak_tree-4-5",
    "kind": "oak_tree",
    "properties": {
      "offsetX": 0.41052188840694726,
      "offsetY": 0.05906938179396093,
      "rotation": 0,
      "scale": 0.9018273867666722,
    },
    "tags": [
      "vegetation",
      "tree",
      "forest",
    ],
    "x": 4.410521888406947,
    "y": 5.059069381793961,
  },
  {
    "id": "dense_forest-oak_tree-5-5",
    "kind": "oak_tree",
    "properties": {
      "offsetX": 0.2653405014425516,
      "offsetY": 0.308999594533816,
      "rotation": 0,
      "scale": 1.2538599947467448,
    },
    "tags": [
      "vegetation",
      "tree",
      "forest",
    ],
    "x": 5.265340501442552,
    "y": 5.308999594533816,
  },
  {
    "id": "dense_forest-oak_tree-5-6",
    "kind": "oak_tree",
    "properties": {
      "offsetX": 0.9989775670692325,
      "offsetY": 0.05839694128371775,
      "rotation": -0,
      "scale": 1.2674538858234883,
    },
    "tags": [
      "vegetation",
      "tree",
      "forest",
    ],
    "x": 5.9989775670692325,
    "y": 6.058396941283718,
  },
  {
    "id": "dense_forest-oak_tree-6-6",
    "kind": "oak_tree",
    "properties": {
      "offsetX": 0.47520807781256735,
      "offsetY": 0.6599075167905539,
      "rotation": -0,
      "scale": 1.2547843761742117,
    },
    "tags": [
      "vegetation",
      "tree",
      "forest",
    ],
    "x": 6.475208077812567,
    "y": 6.659907516790554,
  },
  {
    "id": "dense_forest-shrub-6-6",
    "kind": "shrub",
    "properties": {
      "offsetX": 0.840454629366286,
      "offsetY": 0.18473897334188227,
      "scale": 0.6524837435223162,
    },
    "tags": [
      "vegetation",
      "undergrowth",
    ],
    "x": 6.8404546293662865,
    "y": 6.184738973341882,
  },
  {
    "id": "dense_forest-oak_tree-1-7",
    "kind": "oak_tree",
    "properties": {
      "offsetX": 0.5275878091342747,
      "offsetY": 0.917833250015974,
      "rotation": -0,
      "scale": 1.2483733394183218,
    },
    "tags": [
      "vegetation",
      "tree",
      "forest",
    ],
    "x": 1.5275878091342747,
    "y": 7.917833250015974,
  },
  {
    "id": "dense_forest-oak_tree-1-7",
    "kind": "oak_tree",
    "properties": {
      "offsetX": 0.20060976967215538,
      "offsetY": 0.7652047101873904,
      "rotation": -0,
      "scale": 1.1448835224844516,
    },
    "tags": [
      "vegetation",
      "tree",
      "forest",
    ],
    "x": 1.2006097696721554,
    "y": 7.7652047101873904,
  },
  {
    "id": "dense_forest-oak_tree-3-7",
    "kind": "oak_tree",
    "properties": {
      "offsetX": 0.3809686382301152,
      "offsetY": 0.4088412462733686,
      "rotation": -0,
      "scale": 0.9887826388701797,
    },
    "tags": [
      "vegetation",
      "tree",
      "forest",
    ],
    "x": 3.380968638230115,
    "y": 7.408841246273369,
  },
  {
    "id": "dense_forest-brown_tree-4-7",
    "kind": "brown_tree",
    "properties": {
      "offsetX": 0.6224786543752998,
      "offsetY": 0.491435568081215,
      "rotation": -0,
      "scale": 1.1537803516723215,
    },
    "tags": [
      "vegetation",
      "tree",
      "forest",
    ],
    "x": 4.6224786543753,
    "y": 7.491435568081215,
  },
  {
    "id": "dense_forest-brown_tree-5-7",
    "kind": "brown_tree",
    "properties": {
      "offsetX": 0.39735519350506365,
      "offsetY": 0.7775163028854877,
      "rotation": -0,
      "scale": 0.9414667321369052,
    },
    "tags": [
      "vegetation",
      "tree",
      "forest",
    ],
    "x": 5.397355193505064,
    "y": 7.777516302885488,
  },
  {
    "id": "dense_forest-brown_tree-5-7",
    "kind": "brown_tree",
    "properties": {
      "offsetX": 0.4133908248040825,
      "offsetY": 0.0522831198759377,
      "rotation": 0,
      "scale": 1.2749123925343158,
    },
    "tags": [
      "vegetation",
      "tree",
      "forest",
    ],
    "x": 5.4133908248040825,
    "y": 7.052283119875938,
  },
  {
    "id": "dense_forest-fern-5-7",
    "kind": "fern",
    "properties": {
      "offsetX": 0.7054329036734999,
      "offsetY": 0.4408242481993511,
      "scale": 0.6761164707131684,
    },
    "tags": [
      "vegetation",
      "undergrowth",
    ],
    "x": 5.7054329036735,
    "y": 7.440824248199351,
  },
  {
    "id": "dense_forest-oak_tree-6-7",
    "kind": "oak_tree",
    "properties": {
      "offsetX": 0.6801179945468903,
      "offsetY": 0.14750021044164896,
      "rotation": 0,
      "scale": 1.2939042201265694,
    },
    "tags": [
      "vegetation",
      "tree",
      "forest",
    ],
    "x": 6.68011799454689,
    "y": 7.147500210441649,
  },
]
`;
