// Vitest Snapshot v1, https://vitest.dev/guide/snapshot.html

exports[`dense_forest brush > produces a stable snapshot 1`] = `
[
  {
    "id": "dense_forest-oak_tree--1-0",
    "kind": "oak_tree",
    "properties": {
      "offsetX": -0.11282982647550749,
      "offsetY": 0.0413294724614031,
    },
    "tags": [
      "vegetation",
      "tree",
      "forest",
    ],
    "x": -0.11282982647550749,
    "y": 0.0413294724614031,
  },
  {
    "id": "dense_forest-oak_tree-0-0",
    "kind": "oak_tree",
    "properties": {
      "offsetX": -0.12623241840686295,
      "offsetY": 0.027926883184316974,
    },
    "tags": [
      "vegetation",
      "tree",
      "forest",
    ],
    "x": 0.873767581593137,
    "y": 0.027926883184316974,
  },
  {
    "id": "dense_forest-oak_tree-1-0",
    "kind": "oak_tree",
    "properties": {
      "offsetX": -0.13963501452917002,
      "offsetY": 0.014524287062009922,
    },
    "tags": [
      "vegetation",
      "tree",
      "forest",
    ],
    "x": 1.86036498547083,
    "y": 0.014524287062009922,
  },
  {
    "id": "dense_forest-brown_tree-3-0",
    "kind": "brown_tree",
    "properties": {
      "offsetX": 0.1469623805475246,
      "offsetY": 0.001121699880399618,
    },
    "tags": [
      "vegetation",
      "tree",
      "forest",
    ],
    "x": 3.1469623805475244,
    "y": 0.001121699880399618,
  },
  {
    "id": "dense_forest-brown_tree-4--1",
    "kind": "brown_tree",
    "properties": {
      "offsetX": 0.13355981124730773,
      "offsetY": -0.012280905182604168,
    },
    "tags": [
      "vegetation",
      "tree",
      "forest",
    ],
    "x": 4.1335598112473075,
    "y": -0.012280905182604168,
  },
  {
    "id": "dense_forest-brown_tree-5--1",
    "kind": "brown_tree",
    "properties": {
      "offsetX": 0.12015720618430396,
      "offsetY": -0.025683510245607936,
    },
    "tags": [
      "vegetation",
      "tree",
      "forest",
    ],
    "x": 5.120157206184304,
    "y": -0.025683510245607936,
  },
  {
    "id": "dense_forest-brown_tree-6--1",
    "kind": "brown_tree",
    "properties": {
      "offsetX": 0.10675463688408705,
      "offsetY": -0.039086079545824826,
    },
    "tags": [
      "vegetation",
      "tree",
      "forest",
    ],
    "x": 6.106754636884087,
    "y": -0.039086079545824826,
  },
  {
    "id": "dense_forest-brown_tree-7--1",
    "kind": "brown_tree",
    "properties": {
      "offsetX": 0.09335203182108329,
      "offsetY": -0.05248868460882859,
    },
    "tags": [
      "vegetation",
      "tree",
      "forest",
    ],
    "x": 7.093352031821083,
    "y": -0.05248868460882859,
  },
  {
    "id": "dense_forest-fern-0-1",
    "kind": "fern",
    "properties": {},
    "tags": [
      "vegetation",
      "undergrowth",
    ],
    "x": 0.5,
    "y": 1.5,
  },
  {
    "id": "dense_forest-fern-1-1",
    "kind": "fern",
    "properties": {},
    "tags": [
      "vegetation",
      "undergrowth",
    ],
    "x": 1.5,
    "y": 1.5,
  },
  {
    "id": "dense_forest-oak_tree-4-1",
    "kind": "oak_tree",
    "properties": {
      "offsetX": -0.07984471317839097,
      "offsetY": 0.07431457053139552,
    },
    "tags": [
      "vegetation",
      "tree",
      "forest",
    ],
    "x": 4.920155286821609,
    "y": 1.0743145705313955,
  },
  {
    "id": "dense_forest-oak_tree-5-1",
    "kind": "oak_tree",
    "properties": {
      "offsetX": -0.09324731824139473,
      "offsetY": 0.060911965468391754,
    },
    "tags": [
      "vegetation",
      "tree",
      "forest",
    ],
    "x": 5.906752681758605,
    "y": 1.0609119654683918,
  },
  {
    "id": "dense_forest-oak_tree-6-1",
    "kind": "oak_tree",
    "properties": {
      "offsetX": -0.1066499233043985,
      "offsetY": 0.04750943193096175,
    },
    "tags": [
      "vegetation",
      "tree",
      "forest",
    ],
    "x": 6.893350076695602,
    "y": 1.0475094319309617,
  },
  {
    "id": "dense_forest-brown_tree-0-1",
    "kind": "brown_tree",
    "properties": {
      "offsetX": 0.08716632138805759,
      "offsetY": -0.05867435927906742,
    },
    "tags": [
      "vegetation",
      "tree",
      "forest",
    ],
    "x": 0.08716632138805759,
    "y": 1.9413256407209325,
  },
  {
    "id": "dense_forest-brown_tree-1-1",
    "kind": "brown_tree",
    "properties": {
      "offsetX": 0.0737637520878407,
      "offsetY": -0.07207696434207118,
    },
    "tags": [
      "vegetation",
      "tree",
      "forest",
    ],
    "x": 1.0737637520878407,
    "y": 1.9279230356579289,
  },
  {
    "id": "dense_forest-brown_tree-2-1",
    "kind": "brown_tree",
    "properties": {
      "offsetX": 0.06036114702483692,
      "offsetY": -0.08547956940507496,
    },
    "tags": [
      "vegetation",
      "tree",
      "forest",
    ],
    "x": 2.060361147024837,
    "y": 1.914520430594925,
  },
  {
    "id": "dense_forest-brown_tree-3-1",
    "kind": "brown_tree",
    "properties": {
      "offsetX": 0.046958541961833154,
      "offsetY": -0.09888217446807873,
    },
    "tags": [
      "vegetation",
      "tree",
      "forest",
    ],
    "x": 3.0469585419618332,
    "y": 1.9011178255319212,
  },
  {
    "id": "dense_forest-oak_tree-4-1",
    "kind": "oak_tree",
    "properties": {
      "offsetX": 0.03355593689882939,
      "offsetY": -0.11228470800550873,
    },
    "tags": [
      "vegetation",
      "tree",
      "forest",
    ],
    "x": 4.033555936898829,
    "y": 1.8877152919944913,
  },
  {
    "id": "dense_forest-oak_tree-5-1",
    "kind": "oak_tree",
    "properties": {
      "offsetX": 0.020153331835825617,
      "offsetY": -0.1256873130685125,
    },
    "tags": [
      "vegetation",
      "tree",
      "forest",
    ],
    "x": 5.020153331835826,
    "y": 1.8743126869314874,
  },
  {
    "id": "dense_forest-fern-7-2",
    "kind": "fern",
    "properties": {},
    "tags": [
      "vegetation",
      "undergrowth",
    ],
    "x": 7.5,
    "y": 2.5,
  },
  {
    "id": "dense_forest-oak_tree--1-3",
    "kind": "oak_tree",
    "properties": {
      "offsetX": -0.11283559797463732,
      "offsetY": 0.04132372149793606,
    },
    "tags": [
      "vegetation",
      "tree",
      "forest",
    ],
    "x": -0.11283559797463732,
    "y": 3.0413237214979363,
  },
  {
    "id": "dense_forest-oak_tree-0-3",
    "kind": "oak_tree",
    "properties": {
      "offsetX": -0.1262382030376411,
      "offsetY": 0.027921080672145392,
    },
    "tags": [
      "vegetation",
      "tree",
      "forest",
    ],
    "x": 0.8737617969623589,
    "y": 3.0279210806721455,
  },
  {
    "id": "dense_forest-oak_tree-1-3",
    "kind": "oak_tree",
    "properties": {
      "offsetX": -0.13964080810064486,
      "offsetY": 0.014518547134715386,
    },
    "tags": [
      "vegetation",
      "tree",
      "forest",
    ],
    "x": 1.8603591918993552,
    "y": 3.0145185471347156,
  },
  {
    "id": "dense_forest-brown_tree-3-3",
    "kind": "brown_tree",
    "properties": {
      "offsetX": 0.1469566585016235,
      "offsetY": 0.0011159420717116175,
    },
    "tags": [
      "vegetation",
      "tree",
      "forest",
    ],
    "x": 3.1469566585016233,
    "y": 3.0011159420717117,
  },
  {
    "id": "dense_forest-brown_tree-4-2",
    "kind": "brown_tree",
    "properties": {
      "offsetX": 0.13355405343861973,
      "offsetY": -0.012286662991292151,
    },
    "tags": [
      "vegetation",
      "tree",
      "forest",
    ],
    "x": 4.13355405343862,
    "y": 2.987713337008708,
  },
  {
    "id": "dense_forest-brown_tree-5-2",
    "kind": "brown_tree",
    "properties": {
      "offsetX": 0.12015144837561596,
      "offsetY": -0.02568926805429592,
    },
    "tags": [
      "vegetation",
      "tree",
      "forest",
    ],
    "x": 5.120151448375616,
    "y": 2.974310731945704,
  },
  {
    "id": "dense_forest-brown_tree-6-2",
    "kind": "brown_tree",
    "properties": {
      "offsetX": 0.10674891483818595,
      "offsetY": -0.03909187311729969,
    },
    "tags": [
      "vegetation",
      "tree",
      "forest",
    ],
    "x": 6.106748914838186,
    "y": 2.9609081268827,
  },
  {
    "id": "dense_forest-brown_tree-7-2",
    "kind": "brown_tree",
    "properties": {
      "offsetX": 0.09334630977518218,
      "offsetY": -0.05249447818030346,
    },
    "tags": [
      "vegetation",
      "tree",
      "forest",
    ],
    "x": 7.093346309775182,
    "y": 2.9475055218196964,
  },
  {
    "id": "dense_forest-fern-0-4",
    "kind": "fern",
    "properties": {},
    "tags": [
      "vegetation",
      "undergrowth",
    ],
    "x": 0.5,
    "y": 4.5,
  },
  {
    "id": "dense_forest-fern-1-4",
    "kind": "fern",
    "properties": {},
    "tags": [
      "vegetation",
      "undergrowth",
    ],
    "x": 1.5,
    "y": 4.5,
  },
  {
    "id": "dense_forest-oak_tree-4-4",
    "kind": "oak_tree",
    "properties": {
      "offsetX": -0.07985043522429207,
      "offsetY": 0.07430877695992066,
    },
    "tags": [
      "vegetation",
      "tree",
      "forest",
    ],
    "x": 4.920149564775708,
    "y": 4.074308776959921,
  },
  {
    "id": "dense_forest-oak_tree-5-4",
    "kind": "oak_tree",
    "properties": {
      "offsetX": -0.09325304028729584,
      "offsetY": 0.06090617189691689,
    },
    "tags": [
      "vegetation",
      "tree",
      "forest",
    ],
    "x": 5.906746959712704,
    "y": 4.060906171896917,
  },
  {
    "id": "dense_forest-oak_tree-6-4",
    "kind": "oak_tree",
    "properties": {
      "offsetX": -0.1066556453502996,
      "offsetY": 0.04750370988506065,
    },
    "tags": [
      "vegetation",
      "tree",
      "forest",
    ],
    "x": 6.893344354649701,
    "y": 4.047503709885061,
  },
  {
    "id": "dense_forest-brown_tree-0-4",
    "kind": "brown_tree",
    "properties": {
      "offsetX": 0.08716056357936959,
      "offsetY": -0.05868015285054229,
    },
    "tags": [
      "vegetation",
      "tree",
      "forest",
    ],
    "x": 0.08716056357936959,
    "y": 4.941319847149458,
  },
  {
    "id": "dense_forest-brown_tree-1-4",
    "kind": "brown_tree",
    "properties": {
      "offsetX": 0.07375795851636582,
      "offsetY": -0.07208268638797229,
    },
    "tags": [
      "vegetation",
      "tree",
      "forest",
    ],
    "x": 1.073757958516366,
    "y": 4.927917313612028,
  },
  {
    "id": "dense_forest-brown_tree-2-4",
    "kind": "brown_tree",
    "properties": {
      "offsetX": 0.06035535345336206,
      "offsetY": -0.08548529145097607,
    },
    "tags": [
      "vegetation",
      "tree",
      "forest",
    ],
    "x": 2.060355353453362,
    "y": 4.9145147085490235,
  },
  {
    "id": "dense_forest-brown_tree-3-4",
    "kind": "brown_tree",
    "properties": {
      "offsetX": 0.04695281991593205,
      "offsetY": -0.09888796803955359,
    },
    "tags": [
      "vegetation",
      "tree",
      "forest",
    ],
    "x": 3.046952819915932,
    "y": 4.901112031960446,
  },
  {
    "id": "dense_forest-oak_tree-4-4",
    "kind": "oak_tree",
    "properties": {
      "offsetX": 0.033550214852928285,
      "offsetY": -0.11229043005140983,
    },
    "tags": [
      "vegetation",
      "tree",
      "forest",
    ],
    "x": 4.033550214852928,
    "y": 4.88770956994859,
  },
  {
    "id": "dense_forest-oak_tree-5-4",
    "kind": "oak_tree",
    "properties": {
      "offsetX": 0.020147609789924515,
      "offsetY": -0.1256930351144136,
    },
    "tags": [
      "vegetation",
      "tree",
      "forest",
    ],
    "x": 5.020147609789925,
    "y": 4.874306964885586,
  },
  {
    "id": "dense_forest-fern-7-5",
    "kind": "fern",
    "properties": {},
    "tags": [
      "vegetation",
      "undergrowth",
    ],
    "x": 7.5,
    "y": 5.5,
  },
  {
    "id": "dense_forest-oak_tree--1-6",
    "kind": "oak_tree",
    "properties": {
      "offsetX": -0.11284132002053843,
      "offsetY": 0.04131796368924806,
    },
    "tags": [
      "vegetation",
      "tree",
      "forest",
    ],
    "x": -0.11284132002053843,
    "y": 6.041317963689248,
  },
  {
    "id": "dense_forest-oak_tree-0-6",
    "kind": "oak_tree",
    "properties": {
      "offsetX": -0.1262439250835422,
      "offsetY": 0.027915430151818053,
    },
    "tags": [
      "vegetation",
      "tree",
      "forest",
    ],
    "x": 0.8737560749164578,
    "y": 6.027915430151818,
  },
  {
    "id": "dense_forest-oak_tree-1-6",
    "kind": "oak_tree",
    "properties": {
      "offsetX": -0.13964653014654596,
      "offsetY": 0.014512825088814284,
    },
    "tags": [
      "vegetation",
      "tree",
      "forest",
    ],
    "x": 1.860353469853454,
    "y": 6.014512825088814,
  },
  {
    "id": "dense_forest-brown_tree-3-6",
    "kind": "brown_tree",
    "properties": {
      "offsetX": 0.14695086493014864,
      "offsetY": 0.0011102200258105155,
    },
    "tags": [
      "vegetation",
      "tree",
      "forest",
    ],
    "x": 3.1469508649301488,
    "y": 6.001110220025811,
  },
  {
    "id": "dense_forest-brown_tree-4-5",
    "kind": "brown_tree",
    "properties": {
      "offsetX": 0.13354825986714486,
      "offsetY": -0.012292385037193253,
    },
    "tags": [
      "vegetation",
      "tree",
      "forest",
    ],
    "x": 4.133548259867145,
    "y": 5.987707614962806,
  },
  {
    "id": "dense_forest-brown_tree-5-5",
    "kind": "brown_tree",
    "properties": {
      "offsetX": 0.12014565480414109,
      "offsetY": -0.02569499010019702,
    },
    "tags": [
      "vegetation",
      "tree",
      "forest",
    ],
    "x": 5.1201456548041415,
    "y": 5.974305009899803,
  },
  {
    "id": "dense_forest-brown_tree-6-5",
    "kind": "brown_tree",
    "properties": {
      "offsetX": 0.10674304974113732,
      "offsetY": -0.03909759516320079,
    },
    "tags": [
      "vegetation",
      "tree",
      "forest",
    ],
    "x": 6.106743049741137,
    "y": 5.9609024048368,
  },
  {
    "id": "dense_forest-brown_tree-7-5",
    "kind": "brown_tree",
    "properties": {
      "offsetX": 0.09334044467813356,
      "offsetY": -0.05250020022620456,
    },
    "tags": [
      "vegetation",
      "tree",
      "forest",
    ],
    "x": 7.093340444678134,
    "y": 5.947499799773795,
  },
  {
    "id": "dense_forest-fern-0-7",
    "kind": "fern",
    "properties": {},
    "tags": [
      "vegetation",
      "undergrowth",
    ],
    "x": 0.5,
    "y": 7.5,
  },
  {
    "id": "dense_forest-fern-1-7",
    "kind": "fern",
    "properties": {},
    "tags": [
      "vegetation",
      "undergrowth",
    ],
    "x": 1.5,
    "y": 7.5,
  },
  {
    "id": "dense_forest-oak_tree-4-7",
    "kind": "oak_tree",
    "properties": {
      "offsetX": -0.07985615727019317,
      "offsetY": 0.07430305491401956,
    },
    "tags": [
      "vegetation",
      "tree",
      "forest",
    ],
    "x": 4.920143842729807,
    "y": 7.07430305491402,
  },
  {
    "id": "dense_forest-oak_tree-5-7",
    "kind": "oak_tree",
    "properties": {
      "offsetX": -0.09325876233319694,
      "offsetY": 0.06090044985101579,
    },
    "tags": [
      "vegetation",
      "tree",
      "forest",
    ],
    "x": 5.906741237666803,
    "y": 7.060900449851016,
  },
  {
    "id": "dense_forest-oak_tree-6-7",
    "kind": "oak_tree",
    "properties": {
      "offsetX": -0.1066613673962007,
      "offsetY": 0.04749784478801202,
    },
    "tags": [
      "vegetation",
      "tree",
      "forest",
    ],
    "x": 6.8933386326037995,
    "y": 7.047497844788012,
  },
]
`;
