// Vitest Snapshot v1, https://vitest.dev/guide/snapshot.html

exports[`hills brush > produces a stable snapshot 1`] = `
[
  {
    "id": "hills-grass_tuft-7-0",
    "kind": "grass_tuft",
    "properties": {},
    "tags": [
      "vegetation",
      "ground-cover",
    ],
    "x": 7.5,
    "y": 0.5,
  },
  {
    "id": "hills-grass_tuft-0-2",
    "kind": "grass_tuft",
    "properties": {},
    "tags": [
      "vegetation",
      "ground-cover",
    ],
    "x": 0.5,
    "y": 2.5,
  },
  {
    "id": "hills-grass_tuft-1-2",
    "kind": "grass_tuft",
    "properties": {},
    "tags": [
      "vegetation",
      "ground-cover",
    ],
    "x": 1.5,
    "y": 2.5,
  },
  {
    "id": "hills-grass_tuft-2-2",
    "kind": "grass_tuft",
    "properties": {},
    "tags": [
      "vegetation",
      "ground-cover",
    ],
    "x": 2.5,
    "y": 2.5,
  },
  {
    "id": "hills-rock_pile-3-2",
    "kind": "rock_pile",
    "properties": {},
    "tags": [
      "rock",
    ],
    "x": 3.5,
    "y": 2.5,
  },
  {
    "id": "hills-rock_pile-4-2",
    "kind": "rock_pile",
    "properties": {},
    "tags": [
      "rock",
    ],
    "x": 4.5,
    "y": 2.5,
  },
  {
    "id": "hills-boulder-5-2",
    "kind": "boulder",
    "properties": {},
    "tags": [
      "rock",
      "obstacle",
    ],
    "x": 5.5,
    "y": 2.5,
  },
  {
    "id": "hills-grass_tuft-7-3",
    "kind": "grass_tuft",
    "properties": {},
    "tags": [
      "vegetation",
      "ground-cover",
    ],
    "x": 7.5,
    "y": 3.5,
  },
  {
    "id": "hills-grass_tuft-0-5",
    "kind": "grass_tuft",
    "properties": {},
    "tags": [
      "vegetation",
      "ground-cover",
    ],
    "x": 0.5,
    "y": 5.5,
  },
  {
    "id": "hills-grass_tuft-1-5",
    "kind": "grass_tuft",
    "properties": {},
    "tags": [
      "vegetation",
      "ground-cover",
    ],
    "x": 1.5,
    "y": 5.5,
  },
  {
    "id": "hills-grass_tuft-2-5",
    "kind": "grass_tuft",
    "properties": {},
    "tags": [
      "vegetation",
      "ground-cover",
    ],
    "x": 2.5,
    "y": 5.5,
  },
  {
    "id": "hills-rock_pile-3-5",
    "kind": "rock_pile",
    "properties": {},
    "tags": [
      "rock",
    ],
    "x": 3.5,
    "y": 5.5,
  },
  {
    "id": "hills-rock_pile-4-5",
    "kind": "rock_pile",
    "properties": {},
    "tags": [
      "rock",
    ],
    "x": 4.5,
    "y": 5.5,
  },
  {
    "id": "hills-boulder-5-5",
    "kind": "boulder",
    "properties": {},
    "tags": [
      "rock",
      "obstacle",
    ],
    "x": 5.5,
    "y": 5.5,
  },
  {
    "id": "hills-grass_tuft-7-6",
    "kind": "grass_tuft",
    "properties": {},
    "tags": [
      "vegetation",
      "ground-cover",
    ],
    "x": 7.5,
    "y": 6.5,
  },
]
`;
