// Vitest Snapshot v1, https://vitest.dev/guide/snapshot.html

exports[`pine_forest brush > produces a stable snapshot 1`] = `
[
  {
    "id": "pine_forest-silver-birch-0-0",
    "kind": "silver-birch",
    "properties": {
      "offsetX": 0.04400716372765601,
      "offsetY": 0.48964877566322684,
      "rotation": -0,
      "scale": 1.1403180921450256,
    },
    "tags": [
      "vegetation",
      "tree",
    ],
    "x": 0.04400716372765601,
    "y": 0.48964877566322684,
  },
  {
    "id": "pine_forest-scots-pine-1-0",
    "kind": "scots-pine",
    "properties": {
      "offsetX": 0.21510060434229672,
      "offsetY": 0.829653670778498,
      "rotation": 0,
      "scale": 0.8835845985915511,
    },
    "tags": [
      "vegetation",
      "tree",
    ],
    "x": 1.2151006043422967,
    "y": 0.829653670778498,
  },
  {
    "id": "pine_forest-scots-pine-4-0",
    "kind": "scots-pine",
    "properties": {
      "offsetX": 0.12359766359440982,
      "offsetY": 0.8837197874672711,
      "rotation": -0,
      "scale": 1.1399185221409425,
    },
    "tags": [
      "vegetation",
      "tree",
    ],
    "x": 4.12359766359441,
    "y": 0.8837197874672711,
  },
  {
    "id": "pine_forest-common-juniper-4-0",
    "kind": "common-juniper",
    "properties": {
      "offsetX": 0.6714043079642579,
      "offsetY": 0.7561470811720937,
      "scale": 0.8826908156275749,
    },
    "tags": [
      "vegetation",
      "tree",
    ],
    "x": 4.6714043079642575,
    "y": 0.7561470811720937,
  },
  {
    "id": "pine_forest-heather-4-0",
    "kind": "heather",
    "properties": {
      "offsetX": 0.6714043079642579,
      "offsetY": 0.7561470811720937,
      "scale": 0.8826908156275749,
    },
    "tags": [
      "vegetation",
      "shrub",
    ],
    "x": 4.6714043079642575,
    "y": 0.7561470811720937,
  },
  {
    "id": "pine_forest-silver-birch-5-0",
    "kind": "silver-birch",
    "properties": {
      "offsetX": 0.6842999095097184,
      "offsetY": 0.8000500919297338,
      "rotation": 0,
      "scale": 0.9244657725561409,
    },
    "tags": [
      "vegetation",
      "tree",
    ],
    "x": 5.684299909509718,
    "y": 0.8000500919297338,
  },
  {
    "id": "pine_forest-norway-spruce-7-0",
    "kind": "norway-spruce",
    "properties": {
      "offsetX": 0.5686395890079439,
      "offsetY": 0.5436648509930819,
      "rotation": 0,
      "scale": 1.1120619766181334,
    },
    "tags": [
      "vegetation",
      "tree",
    ],
    "x": 7.568639589007944,
    "y": 0.5436648509930819,
  },
  {
    "id": "pine_forest-scots-pine-0-1",
    "kind": "scots-pine",
    "properties": {
      "offsetX": 0.385648594237864,
      "offsetY": 0.12332087894901633,
      "rotation": 0,
      "scale": 0.9942763683153316,
    },
    "tags": [
      "vegetation",
      "tree",
    ],
    "x": 0.385648594237864,
    "y": 1.1233208789490163,
  },
  {
    "id": "pine_forest-norway-spruce-1-1",
    "kind": "norway-spruce",
    "properties": {
      "offsetX": 0.0028102651704102755,
      "offsetY": 0.35369161888957024,
      "rotation": 0,
      "scale": 1.1216635717311874,
    },
    "tags": [
      "vegetation",
      "tree",
    ],
    "x": 1.0028102651704103,
    "y": 1.3536916188895702,
  },
  {
    "id": "pine_forest-silver-birch-1-1",
    "kind": "silver-birch",
    "properties": {
      "offsetX": 0.3657634623814374,
      "offsetY": 0.878306868718937,
      "rotation": -0,
      "scale": 0.9368407025001942,
    },
    "tags": [
      "vegetation",
      "tree",
    ],
    "x": 1.3657634623814374,
    "y": 1.878306868718937,
  },
  {
    "id": "pine_forest-scots-pine-6-1",
    "kind": "scots-pine",
    "properties": {
      "offsetX": 0.19090947438962758,
      "offsetY": 0.07806321769021451,
      "rotation": 0,
      "scale": 0.9437484807800501,
    },
    "tags": [
      "vegetation",
      "tree",
    ],
    "x": 6.190909474389628,
    "y": 1.0780632176902145,
  },
  {
    "id": "pine_forest-norway-spruce-6-1",
    "kind": "norway-spruce",
    "properties": {
      "offsetX": 0.8580866537522525,
      "offsetY": 0.5919338562525809,
      "rotation": -0,
      "scale": 1.1473913907306268,
    },
    "tags": [
      "vegetation",
      "tree",
    ],
    "x": 6.8580866537522525,
    "y": 1.5919338562525809,
  },
  {
    "id": "pine_forest-heather-6-1",
    "kind": "heather",
    "properties": {
      "offsetX": 0.5881060326704756,
      "offsetY": 0.586979144695215,
      "scale": 0.7707285267300904,
    },
    "tags": [
      "vegetation",
      "shrub",
    ],
    "x": 6.588106032670476,
    "y": 1.5869791446952148,
  },
  {
    "id": "pine_forest-norway-spruce-0-2",
    "kind": "norway-spruce",
    "properties": {
      "offsetX": 0.9843170016538352,
      "offsetY": 0.7516073901206255,
      "rotation": -0,
      "scale": 0.8726890700869262,
    },
    "tags": [
      "vegetation",
      "tree",
    ],
    "x": 0.9843170016538352,
    "y": 2.7516073901206255,
  },
  {
    "id": "pine_forest-norway-spruce-1-2",
    "kind": "norway-spruce",
    "properties": {
      "offsetX": 0.16009601089172065,
      "offsetY": 0.8533678788226098,
      "rotation": -0,
      "scale": 1.0438732129056005,
    },
    "tags": [
      "vegetation",
      "tree",
    ],
    "x": 1.1600960108917207,
    "y": 2.85336787882261,
  },
  {
    "id": "pine_forest-scots-pine-2-2",
    "kind": "scots-pine",
    "properties": {
      "offsetX": 0.747854171320796,
      "offsetY": 0.12334352498874068,
      "rotation": -0,
      "scale": 0.9697089414577931,
    },
    "tags": [
      "vegetation",
      "tree",
    ],
    "x": 2.747854171320796,
    "y": 2.1233435249887407,
  },
  {
    "id": "pine_forest-norway-spruce-3-2",
    "kind": "norway-spruce",
    "properties": {
      "offsetX": 0.05138488905504346,
      "offsetY": 0.9678558963350952,
      "rotation": 0,
      "scale": 1.144424893055111,
    },
    "tags": [
      "vegetation",
      "tree",
    ],
    "x": 3.0513848890550435,
    "y": 2.967855896335095,
  },
  {
    "id": "pine_forest-silver-birch-3-2",
    "kind": "silver-birch",
    "properties": {
      "offsetX": 0.3882316229864955,
      "offsetY": 0.38140630116686225,
      "rotation": -0,
      "scale": 1.0051254466874524,
    },
    "tags": [
      "vegetation",
      "tree",
    ],
    "x": 3.3882316229864955,
    "y": 2.3814063011668622,
  },
  {
    "id": "pine_forest-norway-spruce-5-2",
    "kind": "norway-spruce",
    "properties": {
      "offsetX": 0.24904925771988928,
      "offsetY": 0.6203536738175899,
      "rotation": 0,
      "scale": 1.1374472489580512,
    },
    "tags": [
      "vegetation",
      "tree",
    ],
    "x": 5.249049257719889,
    "y": 2.62035367381759,
  },
  {
    "id": "pine_forest-norway-spruce-6-2",
    "kind": "norway-spruce",
    "properties": {
      "offsetX": 0.8998442469164729,
      "offsetY": 0.9696960458531976,
      "rotation": 0,
      "scale": 0.9589314162498339,
    },
    "tags": [
      "vegetation",
      "tree",
    ],
    "x": 6.899844246916473,
    "y": 2.9696960458531976,
  },
  {
    "id": "pine_forest-scots-pine-1-3",
    "kind": "scots-pine",
    "properties": {
      "offsetX": 0.7691060681827366,
      "offsetY": 0.21334919100627303,
      "rotation": -0,
      "scale": 1.129320205026306,
    },
    "tags": [
      "vegetation",
      "tree",
    ],
    "x": 1.7691060681827366,
    "y": 3.213349191006273,
  },
  {
    "id": "pine_forest-scots-pine-1-3",
    "kind": "scots-pine",
    "properties": {
      "offsetX": 0.5467641400173306,
      "offsetY": 0.9122345331124961,
      "rotation": 0,
      "scale": 1.0041958427755162,
    },
    "tags": [
      "vegetation",
      "tree",
    ],
    "x": 1.5467641400173306,
    "y": 3.912234533112496,
  },
  {
    "id": "pine_forest-silver-birch-3-3",
    "kind": "silver-birch",
    "properties": {
      "offsetX": 0.2837991660926491,
      "offsetY": 0.03754255082458258,
      "rotation": -0,
      "scale": 1.1265246393624693,
    },
    "tags": [
      "vegetation",
      "tree",
    ],
    "x": 3.283799166092649,
    "y": 3.0375425508245826,
  },
  {
    "id": "pine_forest-scots-pine-3-3",
    "kind": "scots-pine",
    "properties": {
      "offsetX": 0.3757879042532295,
      "offsetY": 0.37887929007411003,
      "rotation": -0,
      "scale": 0.9674037616234272,
    },
    "tags": [
      "vegetation",
      "tree",
    ],
    "x": 3.3757879042532295,
    "y": 3.37887929007411,
  },
  {
    "id": "pine_forest-norway-spruce-0-4",
    "kind": "norway-spruce",
    "properties": {
      "offsetX": 0.15350955538451672,
      "offsetY": 0.5393947686534375,
      "rotation": 0,
      "scale": 0.8512730179587379,
    },
    "tags": [
      "vegetation",
      "tree",
    ],
    "x": 0.15350955538451672,
    "y": 4.5393947686534375,
  },
  {
    "id": "pine_forest-scots-pine-0-5",
    "kind": "scots-pine",
    "properties": {
      "offsetX": 0.5082228407263756,
      "offsetY": 0.9997865040786564,
      "rotation": -0,
      "scale": 1.1269419136224315,
    },
    "tags": [
      "vegetation",
      "tree",
    ],
    "x": 0.5082228407263756,
    "y": 5.999786504078656,
  },
  {
    "id": "pine_forest-norway-spruce-2-5",
    "kind": "norway-spruce",
    "properties": {
      "offsetX": 0.3362624200526625,
      "offsetY": 0.9269304091576487,
      "rotation": 0,
      "scale": 1.0169408538611604,
    },
    "tags": [
      "vegetation",
      "tree",
    ],
    "x": 2.3362624200526625,
    "y": 5.926930409157649,
  },
  {
    "id": "pine_forest-scots-pine-5-5",
    "kind": "scots-pine",
    "properties": {
      "offsetX": 0.2653405014425516,
      "offsetY": 0.308999594533816,
      "rotation": 0,
      "scale": 1.1153949960600584,
    },
    "tags": [
      "vegetation",
      "tree",
    ],
    "x": 5.265340501442552,
    "y": 5.308999594533816,
  },
  {
    "id": "pine_forest-scots-pine-6-6",
    "kind": "scots-pine",
    "properties": {
      "offsetX": 0.47520807781256735,
      "offsetY": 0.6599075167905539,
      "rotation": -0,
      "scale": 1.1160882821306586,
    },
    "tags": [
      "vegetation",
      "tree",
    ],
    "x": 6.475208077812567,
    "y": 6.659907516790554,
  },
  {
    "id": "pine_forest-scots-pine-1-7",
    "kind": "scots-pine",
    "properties": {
      "offsetX": 0.5275878091342747,
      "offsetY": 0.917833250015974,
      "rotation": -0,
      "scale": 1.1112800045637412,
    },
    "tags": [
      "vegetation",
      "tree",
    ],
    "x": 1.5275878091342747,
    "y": 7.917833250015974,
  },
  {
    "id": "pine_forest-scots-pine-3-7",
    "kind": "scots-pine",
    "properties": {
      "offsetX": 0.3809686382301152,
      "offsetY": 0.4088412462733686,
      "rotation": -0,
      "scale": 0.9165869791526347,
    },
    "tags": [
      "vegetation",
      "tree",
    ],
    "x": 3.380968638230115,
    "y": 7.408841246273369,
  },
  {
    "id": "pine_forest-norway-spruce-5-7",
    "kind": "norway-spruce",
    "properties": {
      "offsetX": 0.4133908248040825,
      "offsetY": 0.0522831198759377,
      "rotation": 0,
      "scale": 1.1311842944007366,
    },
    "tags": [
      "vegetation",
      "tree",
    ],
    "x": 5.4133908248040825,
    "y": 7.052283119875938,
  },
]
`;
