// Vitest Snapshot v1, https://vitest.dev/guide/snapshot.html

exports[`pine_forest brush > produces a stable snapshot 1`] = `
[
  {
    "id": "pine_forest-pale_tree-0-0",
    "kind": "pale_tree",
    "properties": {
      "offsetX": 0.04400716372765601,
      "offsetY": 0.48964877566322684,
      "rotation": -0,
      "scale": 1.3338634869083763,
    },
    "tags": [
      "vegetation",
      "tree",
      "forest",
    ],
    "x": 0.04400716372765601,
    "y": 0.48964877566322684,
  },
  {
    "id": "pine_forest-pine_tree-1-0",
    "kind": "pine_tree",
    "properties": {
      "offsetX": 0.21510060434229672,
      "offsetY": 0.829653670778498,
      "rotation": 0,
      "scale": 0.9059743309859186,
    },
    "tags": [
      "vegetation",
      "tree",
      "forest",
    ],
    "x": 1.2151006043422967,
    "y": 0.829653670778498,
  },
  {
    "id": "pine_forest-pine_tree-2-0",
    "kind": "pine_tree",
    "properties": {
      "offsetX": 0.22547213942743838,
      "offsetY": 0.6010450881440192,
      "rotation": -0,
      "scale": 1.342293366813101,
    },
    "tags": [
      "vegetation",
      "tree",
      "forest",
    ],
    "x": 2.2254721394274384,
    "y": 0.6010450881440192,
  },
  {
    "id": "pine_forest-pine_tree-3-0",
    "kind": "pine_tree",
    "properties": {
      "offsetX": 0.81328304996714,
      "offsetY": 0.11834466084837914,
      "rotation": 0,
      "scale": 0.9670720665249973,
    },
    "tags": [
      "vegetation",
      "tree",
      "forest",
    ],
    "x": 3.81328304996714,
    "y": 0.11834466084837914,
  },
  {
    "id": "pine_forest-pine_tree-4-0",
    "kind": "pine_tree",
    "properties": {
      "offsetX": 0.12359766359440982,
      "offsetY": 0.8837197874672711,
      "rotation": -0,
      "scale": 1.333197536901571,
    },
    "tags": [
      "vegetation",
      "tree",
      "forest",
    ],
    "x": 4.12359766359441,
    "y": 0.8837197874672711,
  },
  {
    "id": "pine_forest-pale_tree-5-0",
    "kind": "pale_tree",
    "properties": {
      "offsetX": 0.6842999095097184,
      "offsetY": 0.8000500919297338,
      "rotation": 0,
      "scale": 0.9741096209269017,
    },
    "tags": [
      "vegetation",
      "tree",
      "forest",
    ],
    "x": 5.684299909509718,
    "y": 0.8000500919297338,
  },
  {
    "id": "pine_forest-pale_tree-5-0",
    "kind": "pale_tree",
    "properties": {
      "offsetX": 0.42937171715311706,
      "offsetY": 0.4049503728747368,
      "rotation": -0,
      "scale": 1.1222448243293912,
    },
    "tags": [
      "vegetation",
      "tree",
      "forest",
    ],
    "x": 5.429371717153117,
    "y": 0.4049503728747368,
  },
  {
    "id": "pine_forest-pine_tree-6-0",
    "kind": "pine_tree",
    "properties": {
      "offsetX": 0.5058474738616496,
      "offsetY": 0.6566831525415182,
      "rotation": 0,
      "scale": 1.238426888966933,
    },
    "tags": [
      "vegetation",
      "tree",
      "forest",
    ],
    "x": 6.50584747386165,
    "y": 0.6566831525415182,
  },
  {
    "id": "pine_forest-pine_tree-7-0",
    "kind": "pine_tree",
    "properties": {
      "offsetX": 0.522320045158267,
      "offsetY": 0.3409066137392074,
      "rotation": 0,
      "scale": 1.147412972780876,
    },
    "tags": [
      "vegetation",
      "tree",
      "forest",
    ],
    "x": 7.522320045158267,
    "y": 0.3409066137392074,
  },
  {
    "id": "pine_forest-pale_tree-7-0",
    "kind": "pale_tree",
    "properties": {
      "offsetX": 0.5686395890079439,
      "offsetY": 0.5436648509930819,
      "rotation": 0,
      "scale": 1.2867699610302226,
    },
    "tags": [
      "vegetation",
      "tree",
      "forest",
    ],
    "x": 7.568639589007944,
    "y": 0.5436648509930819,
  },
  {
    "id": "pine_forest-pine_tree-0-1",
    "kind": "pine_tree",
    "properties": {
      "offsetX": 0.40566547540947795,
      "offsetY": 0.7612727049272507,
      "rotation": -0,
      "scale": 0.9985252393176779,
    },
    "tags": [
      "vegetation",
      "tree",
      "forest",
    ],
    "x": 0.40566547540947795,
    "y": 1.7612727049272507,
  },
  {
    "id": "pine_forest-pine_tree-0-1",
    "kind": "pine_tree",
    "properties": {
      "offsetX": 0.385648594237864,
      "offsetY": 0.12332087894901633,
      "rotation": 0,
      "scale": 1.0904606138588862,
    },
    "tags": [
      "vegetation",
      "tree",
      "forest",
    ],
    "x": 0.385648594237864,
    "y": 1.1233208789490163,
  },
  {
    "id": "pine_forest-pale_tree-1-1",
    "kind": "pale_tree",
    "properties": {
      "offsetX": 0.0028102651704102755,
      "offsetY": 0.35369161888957024,
      "rotation": 0,
      "scale": 1.302772619551979,
    },
    "tags": [
      "vegetation",
      "tree",
      "forest",
    ],
    "x": 1.0028102651704103,
    "y": 1.3536916188895702,
  },
  {
    "id": "pine_forest-pale_tree-1-1",
    "kind": "pale_tree",
    "properties": {
      "offsetX": 0.3657634623814374,
      "offsetY": 0.878306868718937,
      "rotation": -0,
      "scale": 0.9947345041669905,
    },
    "tags": [
      "vegetation",
      "tree",
      "forest",
    ],
    "x": 1.3657634623814374,
    "y": 1.878306868718937,
  },
  {
    "id": "pine_forest-pine_tree-5-1",
    "kind": "pine_tree",
    "properties": {
      "offsetX": 0.052990217227488756,
      "offsetY": 0.8941649522166699,
      "rotation": 0,
      "scale": 1.155936886696145,
    },
    "tags": [
      "vegetation",
      "tree",
      "forest",
    ],
    "x": 5.052990217227489,
    "y": 1.89416495221667,
  },
  {
    "id": "pine_forest-pine_tree-6-1",
    "kind": "pine_tree",
    "properties": {
      "offsetX": 0.19090947438962758,
      "offsetY": 0.07806321769021451,
      "rotation": 0,
      "scale": 1.0062474679667504,
    },
    "tags": [
      "vegetation",
      "tree",
      "forest",
    ],
    "x": 6.190909474389628,
    "y": 1.0780632176902145,
  },
  {
    "id": "pine_forest-pale_tree-6-1",
    "kind": "pale_tree",
    "properties": {
      "offsetX": 0.8580866537522525,
      "offsetY": 0.5919338562525809,
      "rotation": -0,
      "scale": 1.3456523178843782,
    },
    "tags": [
      "vegetation",
      "tree",
      "forest",
    ],
    "x": 6.8580866537522525,
    "y": 1.5919338562525809,
  },
  {
    "id": "pine_forest-pale_tree-7-1",
    "kind": "pale_tree",
    "properties": {
      "offsetX": 0.379950359929353,
      "offsetY": 0.9661216426175088,
      "rotation": 0,
      "scale": 0.8904512927634641,
    },
    "tags": [
      "vegetation",
      "tree",
      "forest",
    ],
    "x": 7.379950359929353,
    "y": 1.9661216426175088,
  },
  {
    "id": "pine_forest-pale_tree-0-2",
    "kind": "pale_tree",
    "properties": {
      "offsetX": 0.9843170016538352,
      "offsetY": 0.7516073901206255,
      "rotation": -0,
      "scale": 0.8878151168115437,
    },
    "tags": [
      "vegetation",
      "tree",
      "forest",
    ],
    "x": 0.9843170016538352,
    "y": 2.7516073901206255,
  },
  {
    "id": "pine_forest-pine_tree-1-2",
    "kind": "pine_tree",
    "properties": {
      "offsetX": 0.16009601089172065,
      "offsetY": 0.8533678788226098,
      "rotation": -0,
      "scale": 1.1731220215093345,
    },
    "tags": [
      "vegetation",
      "tree",
      "forest",
    ],
    "x": 1.1600960108917207,
    "y": 2.85336787882261,
  },
  {
    "id": "pine_forest-pine_tree-2-2",
    "kind": "pine_tree",
    "properties": {
      "offsetX": 0.747854171320796,
      "offsetY": 0.12334352498874068,
      "rotation": -0,
      "scale": 1.0495149024296553,
    },
    "tags": [
      "vegetation",
      "tree",
      "forest",
    ],
    "x": 2.747854171320796,
    "y": 2.1233435249887407,
  },
  {
    "id": "pine_forest-pine_tree-2-2",
    "kind": "pine_tree",
    "properties": {
      "offsetX": 0.061599471839144826,
      "offsetY": 0.10394424735568464,
      "rotation": -0,
      "scale": 1.0891407229006291,
    },
    "tags": [
      "vegetation",
      "tree",
      "forest",
    ],
    "x": 2.061599471839145,
    "y": 2.1039442473556846,
  },
  {
    "id": "pine_forest-pale_tree-3-2",
    "kind": "pale_tree",
    "properties": {
      "offsetX": 0.05138488905504346,
      "offsetY": 0.9678558963350952,
      "rotation": 0,
      "scale": 1.340708155091852,
    },
    "tags": [
      "vegetation",
      "tree",
      "forest",
    ],
    "x": 3.0513848890550435,
    "y": 2.967855896335095,
  },
  {
    "id": "pine_forest-pale_tree-3-2",
    "kind": "pale_tree",
    "properties": {
      "offsetX": 0.3882316229864955,
      "offsetY": 0.38140630116686225,
      "rotation": -0,
      "scale": 1.1085424111457542,
    },
    "tags": [
      "vegetation",
      "tree",
      "forest",
    ],
    "x": 3.3882316229864955,
    "y": 2.3814063011668622,
  },
  {
    "id": "pine_forest-pine_tree-5-2",
    "kind": "pine_tree",
    "properties": {
      "offsetX": 0.4027511030435562,
      "offsetY": 0.3154732114635408,
      "rotation": -0,
      "scale": 1.2189668667502702,
    },
    "tags": [
      "vegetation",
      "tree",
      "forest",
    ],
    "x": 5.402751103043556,
    "y": 2.315473211463541,
  },
  {
    "id": "pine_forest-pale_tree-5-2",
    "kind": "pale_tree",
    "properties": {
      "offsetX": 0.24904925771988928,
      "offsetY": 0.6203536738175899,
      "rotation": 0,
      "scale": 1.3290787482634188,
    },
    "tags": [
      "vegetation",
      "tree",
      "forest",
    ],
    "x": 5.249049257719889,
    "y": 2.62035367381759,
  },
  {
    "id": "pine_forest-pale_tree-6-2",
    "kind": "pale_tree",
    "properties": {
      "offsetX": 0.8998442469164729,
      "offsetY": 0.9696960458531976,
      "rotation": 0,
      "scale": 1.03155236041639,
    },
    "tags": [
      "vegetation",
      "tree",
      "forest",
    ],
    "x": 6.899844246916473,
    "y": 2.9696960458531976,
  },
  {
    "id": "pine_forest-pine_tree-0-3",
    "kind": "pine_tree",
    "properties": {
      "offsetX": 0.9187032352201641,
      "offsetY": 0.8100342662073672,
      "rotation": -0,
      "scale": 0.8787533522350713,
    },
    "tags": [
      "vegetation",
      "tree",
      "forest",
    ],
    "x": 0.9187032352201641,
    "y": 3.810034266207367,
  },
  {
    "id": "pine_forest-pine_tree-1-3",
    "kind": "pine_tree",
    "properties": {
      "offsetX": 0.7691060681827366,
      "offsetY": 0.21334919100627303,
      "rotation": -0,
      "scale": 1.3155336750438438,
    },
    "tags": [
      "vegetation",
      "tree",
      "forest",
    ],
    "x": 1.7691060681827366,
    "y": 3.213349191006273,
  },
  {
    "id": "pine_forest-pine_tree-1-3",
    "kind": "pine_tree",
    "properties": {
      "offsetX": 0.5467641400173306,
      "offsetY": 0.9122345331124961,
      "rotation": 0,
      "scale": 1.106993071292527,
    },
    "tags": [
      "vegetation",
      "tree",
      "forest",
    ],
    "x": 1.5467641400173306,
    "y": 3.912234533112496,
  },
  {
    "id": "pine_forest-mushroom-1-3",
    "kind": "mushroom",
    "properties": {
      "offsetX": 0.6030912332236766,
      "offsetY": 0.21989787132479255,
      "scale": 0.7760054030455649,
    },
    "tags": [
      "vegetation",
      "small",
    ],
    "x": 1.6030912332236766,
    "y": 3.2198978713247923,
  },
  {
    "id": "pine_forest-pale_tree-3-3",
    "kind": "pale_tree",
    "properties": {
      "offsetX": 0.2837991660926491,
      "offsetY": 0.03754255082458258,
      "rotation": -0,
      "scale": 1.310874398937449,
    },
    "tags": [
      "vegetation",
      "tree",
      "forest",
    ],
    "x": 3.283799166092649,
    "y": 3.0375425508245826,
  },
  {
    "id": "pine_forest-pine_tree-3-3",
    "kind": "pine_tree",
    "properties": {
      "offsetX": 0.3757879042532295,
      "offsetY": 0.37887929007411003,
      "rotation": -0,
      "scale": 1.0456729360390455,
    },
    "tags": [
      "vegetation",
      "tree",
      "forest",
    ],
    "x": 3.3757879042532295,
    "y": 3.37887929007411,
  },
  {
    "id": "pine_forest-pine_tree-5-3",
    "kind": "pine_tree",
    "properties": {
      "offsetX": 0.3601848119869828,
      "offsetY": 0.18563468614593148,
      "rotation": -0,
      "scale": 1.2187431976431982,
    },
    "tags": [
      "vegetation",
      "tree",
      "forest",
    ],
    "x": 5.360184811986983,
    "y": 3.1856346861459315,
  },
  {
    "id": "pine_forest-pine_tree-6-3",
    "kind": "pine_tree",
    "properties": {
      "offsetX": 0.6153609736356884,
      "offsetY": 0.26982769649475813,
      "rotation": -0,
      "scale": 0.9248360294383019,
    },
    "tags": [
      "vegetation",
      "tree",
      "forest",
    ],
    "x": 6.615360973635688,
    "y": 3.269827696494758,
  },
  {
    "id": "pine_forest-pale_tree-6-3",
    "kind": "pale_tree",
    "properties": {
      "offsetX": 0.049971539760008454,
      "offsetY": 0.038875788915902376,
      "rotation": -0,
      "scale": 1.2538381922291593,
    },
    "tags": [
      "vegetation",
      "tree",
      "forest",
    ],
    "x": 6.0499715397600085,
    "y": 3.0388757889159024,
  },
  {
    "id": "pine_forest-pale_tree-0-4",
    "kind": "pale_tree",
    "properties": {
      "offsetX": 0.15350955538451672,
      "offsetY": 0.5393947686534375,
      "rotation": 0,
      "scale": 0.8521216965978965,
    },
    "tags": [
      "vegetation",
      "tree",
      "forest",
    ],
    "x": 0.15350955538451672,
    "y": 4.5393947686534375,
  },
  {
    "id": "pine_forest-pale_tree-1-4",
    "kind": "pale_tree",
    "properties": {
      "offsetX": 0.009173821425065398,
      "offsetY": 0.3945559181738645,
      "rotation": -0,
      "scale": 1.1941647646250204,
    },
    "tags": [
      "vegetation",
      "tree",
      "forest",
    ],
    "x": 1.0091738214250654,
    "y": 4.3945559181738645,
  },
  {
    "id": "pine_forest-pine_tree-0-5",
    "kind": "pine_tree",
    "properties": {
      "offsetX": 0.5082228407263756,
      "offsetY": 0.9997865040786564,
      "rotation": -0,
      "scale": 1.3115698560373859,
    },
    "tags": [
      "vegetation",
      "tree",
      "forest",
    ],
    "x": 0.5082228407263756,
    "y": 5.999786504078656,
  },
  {
    "id": "pine_forest-pale_tree-2-5",
    "kind": "pale_tree",
    "properties": {
      "offsetX": 0.3362624200526625,
      "offsetY": 0.9269304091576487,
      "rotation": 0,
      "scale": 1.1282347564352677,
    },
    "tags": [
      "vegetation",
      "tree",
      "forest",
    ],
    "x": 2.3362624200526625,
    "y": 5.926930409157649,
  },
  {
    "id": "pine_forest-pine_tree-4-5",
    "kind": "pine_tree",
    "properties": {
      "offsetX": 0.41052188840694726,
      "offsetY": 0.05906938179396093,
      "rotation": 0,
      "scale": 0.8522842334583401,
    },
    "tags": [
      "vegetation",
      "tree",
      "forest",
    ],
    "x": 4.410521888406947,
    "y": 5.059069381793961,
  },
  {
    "id": "pine_forest-pine_tree-5-5",
    "kind": "pine_tree",
    "properties": {
      "offsetX": 0.2653405014425516,
      "offsetY": 0.308999594533816,
      "rotation": 0,
      "scale": 1.2923249934334309,
    },
    "tags": [
      "vegetation",
      "tree",
      "forest",
    ],
    "x": 5.265340501442552,
    "y": 5.308999594533816,
  },
  {
    "id": "pine_forest-pine_tree-6-6",
    "kind": "pine_tree",
    "properties": {
      "offsetX": 0.47520807781256735,
      "offsetY": 0.6599075167905539,
      "rotation": -0,
      "scale": 1.2934804702177645,
    },
    "tags": [
      "vegetation",
      "tree",
      "forest",
    ],
    "x": 6.475208077812567,
    "y": 6.659907516790554,
  },
  {
    "id": "pine_forest-pine_tree-1-7",
    "kind": "pine_tree",
    "properties": {
      "offsetX": 0.5275878091342747,
      "offsetY": 0.917833250015974,
      "rotation": -0,
      "scale": 1.2854666742729024,
    },
    "tags": [
      "vegetation",
      "tree",
      "forest",
    ],
    "x": 1.5275878091342747,
    "y": 7.917833250015974,
  },
  {
    "id": "pine_forest-pine_tree-3-7",
    "kind": "pine_tree",
    "properties": {
      "offsetX": 0.3809686382301152,
      "offsetY": 0.4088412462733686,
      "rotation": -0,
      "scale": 0.9609782985877245,
    },
    "tags": [
      "vegetation",
      "tree",
      "forest",
    ],
    "x": 3.380968638230115,
    "y": 7.408841246273369,
  },
  {
    "id": "pine_forest-mushroom-3-7",
    "kind": "mushroom",
    "properties": {
      "offsetX": 0.46369130569510164,
      "offsetY": 0.44230665934737773,
      "scale": 0.8080218827351928,
    },
    "tags": [
      "vegetation",
      "small",
    ],
    "x": 3.4636913056951015,
    "y": 7.442306659347378,
  },
  {
    "id": "pine_forest-pale_tree-4-7",
    "kind": "pale_tree",
    "properties": {
      "offsetX": 0.6224786543752998,
      "offsetY": 0.491435568081215,
      "rotation": -0,
      "scale": 1.167225439590402,
    },
    "tags": [
      "vegetation",
      "tree",
      "forest",
    ],
    "x": 4.6224786543753,
    "y": 7.491435568081215,
  },
  {
    "id": "pine_forest-pale_tree-5-7",
    "kind": "pale_tree",
    "properties": {
      "offsetX": 0.39735519350506365,
      "offsetY": 0.7775163028854877,
      "rotation": -0,
      "scale": 0.9018334151711315,
    },
    "tags": [
      "vegetation",
      "tree",
      "forest",
    ],
    "x": 5.397355193505064,
    "y": 7.777516302885488,
  },
  {
    "id": "pine_forest-pale_tree-5-7",
    "kind": "pale_tree",
    "properties": {
      "offsetX": 0.4133908248040825,
      "offsetY": 0.0522831198759377,
      "rotation": 0,
      "scale": 1.3186404906678946,
    },
    "tags": [
      "vegetation",
      "tree",
      "forest",
    ],
    "x": 5.4133908248040825,
    "y": 7.052283119875938,
  },
]
`;
