// Vitest Snapshot v1, https://vitest.dev/guide/snapshot.html

exports[`temple brush > produces a stable snapshot 1`] = `
[
  {
    "id": "temple-altar-5-5",
    "kind": "altar",
    "properties": {},
    "tags": [
      "religious",
      "sacred",
    ],
    "x": 5.5,
    "y": 5.5,
  },
  {
    "id": "temple-statue-5-3",
    "kind": "statue",
    "properties": {},
    "tags": [
      "monument",
      "sacred",
    ],
    "x": 5.5,
    "y": 3.5,
  },
  {
    "id": "temple-statue-5-7",
    "kind": "statue",
    "properties": {},
    "tags": [
      "monument",
      "sacred",
    ],
    "x": 5.5,
    "y": 7.5,
  },
  {
    "id": "temple-statue-3-5",
    "kind": "statue",
    "properties": {},
    "tags": [
      "monument",
      "sacred",
    ],
    "x": 3.5,
    "y": 5.5,
  },
  {
    "id": "temple-statue-7-5",
    "kind": "statue",
    "properties": {},
    "tags": [
      "monument",
      "sacred",
    ],
    "x": 7.5,
    "y": 5.5,
  },
  {
    "id": "temple-flower_patch-9-0",
    "kind": "flower_patch",
    "properties": {},
    "tags": [
      "vegetation",
      "decoration",
      "sacred",
    ],
    "x": 9.5,
    "y": 0.5,
  },
  {
    "id": "temple-flower_patch-2-2",
    "kind": "flower_patch",
    "properties": {},
    "tags": [
      "vegetation",
      "decoration",
      "sacred",
    ],
    "x": 2.5,
    "y": 2.5,
  },
  {
    "id": "temple-flower_patch-3-2",
    "kind": "flower_patch",
    "properties": {},
    "tags": [
      "vegetation",
      "decoration",
      "sacred",
    ],
    "x": 3.5,
    "y": 2.5,
  },
  {
    "id": "temple-flower_patch-4-2",
    "kind": "flower_patch",
    "properties": {},
    "tags": [
      "vegetation",
      "decoration",
      "sacred",
    ],
    "x": 4.5,
    "y": 2.5,
  },
  {
    "id": "temple-flower_patch-5-2",
    "kind": "flower_patch",
    "properties": {},
    "tags": [
      "vegetation",
      "decoration",
      "sacred",
    ],
    "x": 5.5,
    "y": 2.5,
  },
  {
    "id": "temple-flower_patch-9-3",
    "kind": "flower_patch",
    "properties": {},
    "tags": [
      "vegetation",
      "decoration",
      "sacred",
    ],
    "x": 9.5,
    "y": 3.5,
  },
  {
    "id": "temple-flower_patch-2-5",
    "kind": "flower_patch",
    "properties": {},
    "tags": [
      "vegetation",
      "decoration",
      "sacred",
    ],
    "x": 2.5,
    "y": 5.5,
  },
  {
    "id": "temple-flower_patch-4-5",
    "kind": "flower_patch",
    "properties": {},
    "tags": [
      "vegetation",
      "decoration",
      "sacred",
    ],
    "x": 4.5,
    "y": 5.5,
  },
  {
    "id": "temple-flower_patch-9-6",
    "kind": "flower_patch",
    "properties": {},
    "tags": [
      "vegetation",
      "decoration",
      "sacred",
    ],
    "x": 9.5,
    "y": 6.5,
  },
  {
    "id": "temple-flower_patch-2-8",
    "kind": "flower_patch",
    "properties": {},
    "tags": [
      "vegetation",
      "decoration",
      "sacred",
    ],
    "x": 2.5,
    "y": 8.5,
  },
  {
    "id": "temple-flower_patch-3-8",
    "kind": "flower_patch",
    "properties": {},
    "tags": [
      "vegetation",
      "decoration",
      "sacred",
    ],
    "x": 3.5,
    "y": 8.5,
  },
  {
    "id": "temple-flower_patch-4-8",
    "kind": "flower_patch",
    "properties": {},
    "tags": [
      "vegetation",
      "decoration",
      "sacred",
    ],
    "x": 4.5,
    "y": 8.5,
  },
  {
    "id": "temple-flower_patch-5-8",
    "kind": "flower_patch",
    "properties": {},
    "tags": [
      "vegetation",
      "decoration",
      "sacred",
    ],
    "x": 5.5,
    "y": 8.5,
  },
  {
    "id": "temple-flower_patch-9-9",
    "kind": "flower_patch",
    "properties": {},
    "tags": [
      "vegetation",
      "decoration",
      "sacred",
    ],
    "x": 9.5,
    "y": 9.5,
  },
]
`;
